#format file [namalaporan]=[filetujuan]=[alt onmouseover]
00_COVER=lbm_sampul=SAMPUL LAPORAN
01_AREAL STATEMENT=lbm_aresta=AREAL STATEMENT


041 KARYAWAN DAN PERUMAHAN=lbm_karyawan_perumahan=KARYAWAN DAN PERUMAHAN
042 PEKERJA DAN TANGGUNGAN=lbm_pekerja_tanggungan=PEKERJA DAN TANGGUNGAN
043 MUTASI KARYAWAN=lbm_mutasi_karyawan=MUTASI KARYAWAN

045 HARI KERJA EFEKTIF=lbm_hari_kerja_efektif=HARI KERJA EFEKTIF
046 PERUMAHAN=lbm_perumahan=PERUMAHAN
047 INVENTARISASI PRASARANA=lbm_prasarana=INVENTARISASI PRASARANA
051 PRODUKSI (TON)=lbm_produksi_ton=PRODUKSI
052 PRODUKSI (TON-HA)=lbm_produksi_tonha=PRODUKSI
053 CURAH HUJAN=lbm_curah_hujan=CURAH HUJAN
06_OUTPUT POTONG BUAH=lbm_output_potong_buah=OUTPUT POTONG BUAH
07_PUSINGAN POTONG BUAH=lbm_pusingan_potong_buah=PUSINGAN POTONG BUAH
071ROTASI POTONG BUAH=lbm_rotasi_potong_buah=ROTASI POTONG BUAH


10_PEMELIHARAAN TM (HA-HK)=lbm_pemeliharan_tm=PEMELIHARAAN TM (HA-HK)
11_PEMELIHARAAN TBM (HA-HK)=lbm_pemeliharan_tbm=PEMELIHARAAN TBM (HA-HK)
12_PEMELIHARAAN TM dan TBM (LTR-KG-HA)=lbm_pemeliharan_tbm_ltrkgha=PEMELIHARAAN TM dan TBM (LTR-KG-HA)
131 PEMUPUKAN=lbm_pemupukan=PEMUPUKAN
132 STOK PUPUK DAN KCNGN=lbm_pupuk_agro_kacangan=STOK PUPUK,AGROCHEMICAL DAN KACANGAN
133 DIST. PUPUK DAN KCNGN=lbm_distibusi_pupuk
14_PEMBUKAAN LAHAN=lbm_pembukaan_lahan=PEMBUKAAN LAHAN
16_AREAL STATEMEN BIBITAN=lbm_areal_bibitan=AREAL STATEMEN BIBITAN

17_PENGIRIMAN BIBIT=lbm_pengiriman_bibit=PENGIRIMAN BIBIT
18_BIAYA PEMELIHARAAN TM (RP-HA)=lbm_biayapemeliharaan_tm=BIAYA PEMELIHARAAN TM (RP-HA)
19_BIAYA PEMELIHARAAN TBM (RP-HA)=lbm_biayapemeliharaan_tbm=BIAYA PEMELIHARAAN TBM (RP-HA)
20_BIAYA PRODUKSI (RP-KG)=lbm_biaya_produksi_kebun=BIAYA PRODUKSI (RP-KG)
21_BIAYA PEMBUKAAN LAHAN (RP-HA)=lbm_biaya_pembukaan_lahan=BIAYA PEMBUKAAN LAHAN (RP-HA)
22_BIAYA BIBITAN=lbm_biaya_bibitan=BIAYA BIBITAN
23_BIAYA KAPITAL NON TANAMAN (RP-UNIT)=lbm_bykapitalnontanaman=BIAYA KAPITAL NON TANAMAN (RP-UNIT)
24_BIAYA OVER HEAD=lbm_biaya_overhead
251 TRAKSI DAN WORK SHOP=lbm_traksi_dan_ws=TRAKSI DAN WORK SHOP
252 KENDARAAN=lbm_kendaraan=KENDARAAN
253 TRANSIT KENDARAAN=lbm_transit_kendaraan=TRANSIT KENDARAAN
254 TRANSIT ALAT BERAT=lbm_transit_ab=TRANSIT ALAT BERAT
255 TRANSIT MESIN PENUNJANG=lbm_transit_penunjang=TRANSIT MESIN PENUNJANG


REKAP BIAYA TM=lbm_analisa_biayapemeliharaan=LBA REKAP BIAYA TM
REKAP BIAYA TB=lbm_analisa_biayapemeliharaan_tb=LBA REKAP BIAYA TB
PRODUKSI PER BLOK=lbm_produksi_perblok=LBA PRODUKSI PER BLOK
PRODUKSI BULANAN=lbm_produksi_bulanan=LBA PRODUKSI BULANAN
BJR=lbm_bjr=LBA BJR
PEMUPUKAN AFD=lbm_pemupukan_afd=LBA PEMUPUKAN AFD
KEGIATAN SEMPROT=lbm_semprot=LBA KEGIATAN SEMPROT
